// Jest Snapshot v1, https://goo.gl/fbAQLP

exports[`StartGuide should render correctly 1`] = `
<DocumentFragment>
  <section
    class="go2790461336"
  >
    <div
      class="go4191126316"
    >
      <span
        class="sanitized-translation"
      >
        Go to 
        <strong>
          <a
            href="https://fauna.com/"
            rel="noopener"
            target="_blank"
          >
            https://fauna.com/
          </a>
        </strong>
         and create free account, login.
      </span>
    </div>
    <div
      class="go4191126316"
    >
      <span
        class="sanitized-translation"
      >
        Click 
        <strong>
          NEW DATABASE
        </strong>
         and use 
        <strong>
          PASSWORDS_FOUNTAIN
        </strong>
         as a database name.
        <br />
        This is important so please don't misspell it!
      </span>
    </div>
    <div
      class="go4191126316"
    >
      <span
        class="sanitized-translation"
      >
        On the left hand side panel choose SECURITY and click on NEW KEY.
        <br />
         Now choose any name for your admin key and click 
        <strong>
          SAVE.
        </strong>
      </span>
    </div>
    <div
      class="go4191126316"
    >
      <span
        class="sanitized-translation"
      >
        Your admin key will be shown only once, copy it. Don't show it to other people.
        <br />
         If you somehow lose admin key (you shouldn't) you can generate new one.
      </span>
    </div>
    <div
      class="go4191126316"
    >
      <span
        class="sanitized-translation"
      >
        Now you can connect our interface to your database.
        <br />
        Click on 
        <a
          href="/app"
          rel="noopener"
        >
          START NOW
        </a>
         and start your journey!
      </span>
    </div>
  </section>
</DocumentFragment>
`;
